******************************************************************************
                  TI ARM Linker PC v20.2.4                     
******************************************************************************
>> Linked Tue Sep 10 14:29:59 2024

OUTPUT FILE NAME:   <NEW_Controlled.out>
ENTRY POINT SYMBOL: "_c_int00_noargs"  address: 00000959


MEMORY CONFIGURATION

         name            origin    length      used     unused   attr    fill
----------------------  --------  ---------  --------  --------  ----  --------
  FLASH                 00000000   00100000  00000a22  000ff5de  R  X
  SRAM                  20000000   00040000  00000203  0003fdfd  RW X


SEGMENT ALLOCATION MAP

run origin  load origin   length   init length attrs members
----------  ----------- ---------- ----------- ----- -------
00000000    00000000    00000a28   00000a28    r-x
  00000000    00000000    00000208   00000208    r-- .intvecs
  00000208    00000208    00000802   00000802    r-x .text
  00000a10    00000a10    00000018   00000018    r-- .cinit
20000000    20000000    00000203   00000000    rw-
  20000000    20000000    00000200   00000000    rw- .stack
  20000200    20000200    00000003   00000000    rw- .data


SECTION ALLOCATION MAP

 output                                  attributes/
section   page    origin      length       input sections
--------  ----  ----------  ----------   ----------------
.intvecs   0    00000000    00000208     
                  00000000    00000208     tm4c129encpdt_startup_ccs.obj (.intvecs)

.text      0    00000208    00000802     
                  00000208    000002f4     pinout.obj (.text)
                  000004fc    0000016c     driverlib.lib : gpio.obj (.text:GPIOPadConfigSet)
                  00000668    000000dc     main.obj (.text)
                  00000744    000000cc     buttons.obj (.text)
                  00000810    0000009c     rtsv7M4_T_le_v4SPD16_eabi.lib : memcpy_t2.asm.obj (.text)
                  000008ac    00000068                                   : copy_decompress_lzss.c.obj (.text:decompress:lzss:__TI_decompress_lzss)
                  00000914    00000044                                   : autoinit.c.obj (.text:__TI_auto_init_nobinit_nopinit:__TI_auto_init_nobinit_nopinit)
                  00000958    00000034                                   : boot_cortex_m.c.obj (.text:_c_int00_noargs:_c_int00_noargs)
                  0000098c    0000002c     driverlib.lib : gpio.obj (.text:GPIODirModeSet)
                  000009b8    0000001a                   : gpio.obj (.text:GPIOPinTypeGPIOOutput)
                  000009d2    00000016                   : gpio.obj (.text:GPIOPinTypeEthernetLED)
                  000009e8    0000000e     rtsv7M4_T_le_v4SPD16_eabi.lib : copy_decompress_none.c.obj (.text:decompress:none:__TI_decompress_none)
                  000009f6    0000000c     tm4c129encpdt_startup_ccs.obj (.text)
                  00000a02    00000004     rtsv7M4_T_le_v4SPD16_eabi.lib : pre_init.c.obj (.text:_system_pre_init)
                  00000a06    00000004                                   : exit.c.obj (.text:abort:abort)

.cinit     0    00000a10    00000018     
                  00000a10    00000008     (__TI_handler_table)
                  00000a18    00000007     (.cinit..data.load) [load image, compression = lzss]
                  00000a1f    00000001     --HOLE-- [fill = 0]
                  00000a20    00000008     (__TI_cinit_table)

.init_array 
*          0    00000000    00000000     UNINITIALIZED

.data      0    20000200    00000003     UNINITIALIZED
                  20000200    00000003     buttons.obj (.data)

.stack     0    20000000    00000200     UNINITIALIZED
                  20000000    00000004     rtsv7M4_T_le_v4SPD16_eabi.lib : boot_cortex_m.c.obj (.stack)
                  20000004    000001fc     --HOLE--

__llvm_prf_cnts 
*          0    20000000    00000000     UNINITIALIZED

MODULE SUMMARY

       Module                          code   ro data   rw data
       ------                          ----   -------   -------
    .\
       tm4c129encpdt_startup_ccs.obj   12     520       0      
       main.obj                        220    0         0      
    +--+-------------------------------+------+---------+---------+
       Total:                          232    520       0      
                                                               
    .\drivers\
       pinout.obj                      756    0         0      
       buttons.obj                     204    0         3      
    +--+-------------------------------+------+---------+---------+
       Total:                          960    0         3      
                                                               
    C:/ti/TivaWare_C_Series-2.2.0.295/driverlib/ccs/Debug/driverlib.lib
       gpio.obj                        456    0         0      
    +--+-------------------------------+------+---------+---------+
       Total:                          456    0         0      
                                                               
    C:\ti\ccs1031\ccs\tools\compiler\ti-cgt-arm_20.2.4.LTS\lib\rtsv7M4_T_le_v4SPD16_eabi.lib
       memcpy_t2.asm.obj               156    0         0      
       copy_decompress_lzss.c.obj      104    0         0      
       autoinit.c.obj                  68     0         0      
       boot_cortex_m.c.obj             52     0         0      
       copy_decompress_none.c.obj      14     0         0      
       exit.c.obj                      4      0         0      
       pre_init.c.obj                  4      0         0      
    +--+-------------------------------+------+---------+---------+
       Total:                          402    0         0      
                                                               
       Stack:                          0      0         512    
       Linker Generated:               0      23        0      
    +--+-------------------------------+------+---------+---------+
       Grand Total:                    2050   543       515    


LINKER GENERATED COPY TABLES

__TI_cinit_table @ 00000a20 records: 1, size/record: 8, table size: 8
	.data: load addr=00000a18, load size=00000007 bytes, run addr=20000200, run size=00000003 bytes, compression=lzss


LINKER GENERATED HANDLER TABLE

__TI_handler_table @ 00000a10 records: 2, size/record: 4, table size: 8
	index: 0, handler: __TI_decompress_lzss
	index: 1, handler: __TI_decompress_none


GLOBAL SYMBOLS: SORTED ALPHABETICALLY BY Name 

address   name                          
-------   ----                          
000007b9  ButtonsInit                   
00000745  ButtonsPoll                   
00000a07  C$$EXIT                       
0000098d  GPIODirModeSet                
000004fd  GPIOPadConfigSet              
000009d3  GPIOPinTypeEthernetLED        
000009b9  GPIOPinTypeGPIOOutput         
0000045b  LEDRead                       
000003e5  LEDWrite                      
00000209  PinoutSet                     
000009f7  ResetISR                      
20000200  __STACK_END                   
00000200  __STACK_SIZE                  
20000200  __STACK_TOP                   
00000a20  __TI_CINIT_Base               
00000a28  __TI_CINIT_Limit              
00000a10  __TI_Handler_Table_Base       
00000a18  __TI_Handler_Table_Limit      
00000915  __TI_auto_init_nobinit_nopinit
000008ad  __TI_decompress_lzss          
000009e9  __TI_decompress_none          
ffffffff  __TI_pprof_out_hndl           
ffffffff  __TI_prof_data_size           
ffffffff  __TI_prof_data_start          
00000000  __TI_static_base__            
00000811  __aeabi_memcpy                
00000811  __aeabi_memcpy4               
00000811  __aeabi_memcpy8               
ffffffff  __binit__                     
ffffffff  __c_args__                    
UNDEFED   __mpu_init                    
20000000  __stack                       
20000000  __start___llvm_prf_cnts       
20000000  __stop___llvm_prf_cnts        
00000959  _c_int00_noargs               
UNDEFED   _system_post_cinit            
00000a03  _system_pre_init              
00000a07  abort                         
00000669  assig1                        
000006d1  assig2                        
ffffffff  binit                         
00000000  g_pfnVectors                  
000006c7  main                          
00000811  memcpy                        


GLOBAL SYMBOLS: SORTED BY Symbol Address 

address   name                          
-------   ----                          
00000000  __TI_static_base__            
00000000  g_pfnVectors                  
00000200  __STACK_SIZE                  
00000209  PinoutSet                     
000003e5  LEDWrite                      
0000045b  LEDRead                       
000004fd  GPIOPadConfigSet              
00000669  assig1                        
000006c7  main                          
000006d1  assig2                        
00000745  ButtonsPoll                   
000007b9  ButtonsInit                   
00000811  __aeabi_memcpy                
00000811  __aeabi_memcpy4               
00000811  __aeabi_memcpy8               
00000811  memcpy                        
000008ad  __TI_decompress_lzss          
00000915  __TI_auto_init_nobinit_nopinit
00000959  _c_int00_noargs               
0000098d  GPIODirModeSet                
000009b9  GPIOPinTypeGPIOOutput         
000009d3  GPIOPinTypeEthernetLED        
000009e9  __TI_decompress_none          
000009f7  ResetISR                      
00000a03  _system_pre_init              
00000a07  C$$EXIT                       
00000a07  abort                         
00000a10  __TI_Handler_Table_Base       
00000a18  __TI_Handler_Table_Limit      
00000a20  __TI_CINIT_Base               
00000a28  __TI_CINIT_Limit              
20000000  __stack                       
20000000  __start___llvm_prf_cnts       
20000000  __stop___llvm_prf_cnts        
20000200  __STACK_END                   
20000200  __STACK_TOP                   
ffffffff  __TI_pprof_out_hndl           
ffffffff  __TI_prof_data_size           
ffffffff  __TI_prof_data_start          
ffffffff  __binit__                     
ffffffff  __c_args__                    
ffffffff  binit                         
UNDEFED   __mpu_init                    
UNDEFED   _system_post_cinit            

[44 symbols]
